// Jest Snapshot v1, https://goo.gl/fbAQLP

exports[`renders correctly 1`] = `
<RCTScrollView>
  <View>
    <View
      style={
        Array [
          Object {
            "backgroundColor": "#FBFBFB",
            "borderColor": "#FBFBFB",
            "borderRadius": 5,
            "borderWidth": 1,
            "margin": 10,
            "padding": 15,
          },
          Object {
            "elevation": 10,
            "shadowColor": "#000000",
            "shadowOffset": Object {
              "height": 4,
              "width": 4,
            },
            "shadowRadius": 1,
          },
        ]
      }
    >
      <Text>
        No Data
      </Text>
    </View>
  </View>
</RCTScrollView>
`;
